2026-04-02 00:10:27,962 [INFO] 🚀 Starting process for 526 sessions.
2026-04-02 00:10:27,962 [INFO] [1/526] Processing: 20260226_185524
2026-04-02 00:10:28,357 [INFO] [2/526] Processing: 20260226_185549
2026-04-02 00:10:28,517 [INFO] [3/526] Processing: 20260226_185557
2026-04-02 00:10:28,817 [INFO] [4/526] Processing: 20260226_185609
2026-04-02 00:10:28,889 [INFO] [5/526] Processing: 20260226_185615
2026-04-02 00:10:29,081 [INFO] [6/526] Processing: 20260226_185624
2026-04-02 00:10:29,403 [INFO] [7/526] Processing: 20260226_190756
2026-04-02 00:10:29,704 [INFO] [8/526] Processing: 20260226_191212
2026-04-02 00:10:29,998 [INFO] [9/526] Processing: 20260226_191238
2026-04-02 00:10:30,187 [INFO] [10/526] Processing: 20260226_192435
2026-04-02 00:10:30,765 [INFO] [11/526] Processing: 20260226_192511
2026-04-02 00:10:31,415 [INFO] [12/526] Processing: 20260226_192517
2026-04-02 00:10:32,592 [INFO] [13/526] Processing: 20260226_193602
2026-04-02 00:10:33,690 [INFO] [14/526] Processing: 20260226_193609
2026-04-02 00:10:34,648 [INFO] [15/526] Processing: 20260226_193835
2026-04-02 00:10:36,166 [INFO] [16/526] Processing: 20260226_205607
2026-04-02 00:10:37,269 [INFO] [17/526] Processing: 20260226_210204
2026-04-02 00:10:38,091 [INFO] [18/526] Processing: bag
2026-04-02 00:10:38,958 [INFO] [19/526] Processing: 20260226_211152
2026-04-02 00:10:41,513 [INFO] [20/526] Processing: 20260226_211201
2026-04-02 00:10:42,574 [INFO] [21/526] Processing: 20260226_211245
2026-04-02 00:10:44,744 [INFO] [22/526] Processing: 20260226_211254
2026-04-02 00:10:44,774 [ERROR] ❌ Error in 20260226_211254: zstd failed (exit 1) for /home/tsumura/my_robotiq_ws/data/lan_eval_0118/20260226_211254/bag/session_20260226_211254/session_20260226_211254_0.db3.zstd: 26_211254_0.db3.zstd : 0 MB...     26_211254_0.db3.zstd : Read error (39) : premature end
2026-04-02 00:10:44,775 [INFO] [23/526] Processing: 20260304_211001
2026-04-02 00:10:46,989 [INFO] [24/526] Processing: 20260304_211007
2026-04-02 00:10:50,186 [INFO] [25/526] Processing: 20260304_211013
2026-04-02 00:10:52,432 [INFO] [26/526] Processing: 20260304_211019
2026-04-02 00:10:56,004 [INFO] [27/526] Processing: 20260304_211025
2026-04-02 00:10:59,518 [INFO] [28/526] Processing: 20260304_211031
2026-04-02 00:11:02,296 [INFO] [29/526] Processing: 20260304_211037
2026-04-02 00:11:05,019 [INFO] [30/526] Processing: 20260304_211042
2026-04-02 00:11:07,552 [INFO] [31/526] Processing: 20260304_211048
2026-04-02 00:11:10,929 [INFO] [32/526] Processing: 20260304_211054
2026-04-02 00:11:13,876 [INFO] [33/526] Processing: 20260304_211100
2026-04-02 00:11:16,333 [INFO] [34/526] Processing: 20260304_211106
2026-04-02 00:11:19,669 [INFO] [35/526] Processing: 20260304_211112
2026-04-02 00:11:23,562 [INFO] [36/526] Processing: 20260304_211118
2026-04-02 00:11:26,728 [INFO] [37/526] Processing: 20260304_211124
2026-04-02 00:11:29,528 [INFO] [38/526] Processing: 20260304_211130
2026-04-02 00:11:33,017 [INFO] [39/526] Processing: 20260304_211136
2026-04-02 00:11:35,162 [INFO] [40/526] Processing: 20260304_211142
2026-04-02 00:11:37,206 [INFO] [41/526] Processing: 20260304_211148
2026-04-02 00:11:40,838 [INFO] [42/526] Processing: 20260304_211154
2026-04-02 00:11:44,165 [INFO] [43/526] Processing: 20260304_211159
2026-04-02 00:11:48,544 [INFO] [44/526] Processing: 20260304_211205
2026-04-02 00:11:51,821 [INFO] [45/526] Processing: 20260304_211211
2026-04-02 00:11:55,752 [INFO] [46/526] Processing: 20260304_211217
2026-04-02 00:11:59,920 [INFO] [47/526] Processing: 20260304_211223
2026-04-02 00:12:02,961 [INFO] [48/526] Processing: 20260304_211229
2026-04-02 00:12:05,908 [INFO] [49/526] Processing: 20260304_211235
2026-04-02 00:12:08,708 [INFO] [50/526] Processing: 20260304_211241
2026-04-02 00:12:11,438 [INFO] [51/526] Processing: 20260304_211247
2026-04-02 00:12:14,009 [INFO] [52/526] Processing: 20260304_211253
2026-04-02 00:12:17,637 [INFO] [53/526] Processing: 20260304_211259
2026-04-02 00:12:20,306 [INFO] [54/526] Processing: 20260304_211305
2026-04-02 00:12:23,714 [INFO] [55/526] Processing: 20260304_211311
2026-04-02 00:12:28,678 [INFO] [56/526] Processing: 20260304_211317
2026-04-02 00:12:32,090 [INFO] [57/526] Processing: 20260304_211323
2026-04-02 00:12:35,589 [INFO] [58/526] Processing: 20260304_211329
2026-04-02 00:12:38,350 [INFO] [59/526] Processing: 20260304_211335
2026-04-02 00:12:41,127 [INFO] [60/526] Processing: 20260304_211341
2026-04-02 00:12:44,688 [INFO] [61/526] Processing: 20260304_211346
2026-04-02 00:12:47,644 [INFO] [62/526] Processing: 20260304_211352
2026-04-02 00:12:49,982 [INFO] [63/526] Processing: 20260304_211358
2026-04-02 00:12:52,273 [INFO] [64/526] Processing: 20260304_211404
2026-04-02 00:12:54,486 [INFO] [65/526] Processing: 20260304_211410
2026-04-02 00:12:56,676 [INFO] [66/526] Processing: 20260304_211416
2026-04-02 00:12:59,541 [INFO] [67/526] Processing: 20260304_211422
2026-04-02 00:13:01,540 [INFO] [68/526] Processing: 20260304_211428
2026-04-02 00:13:04,959 [INFO] [69/526] Processing: 20260304_211434
2026-04-02 00:13:06,941 [INFO] [70/526] Processing: 20260304_211440
2026-04-02 00:13:09,418 [INFO] [71/526] Processing: 20260304_211446
2026-04-02 00:13:12,224 [INFO] [72/526] Processing: 20260304_211452
2026-04-02 00:13:14,909 [INFO] [73/526] Processing: 20260304_211509
2026-04-02 00:13:16,744 [INFO] [74/526] Processing: 20260304_211515
2026-04-02 00:13:20,333 [INFO] [75/526] Processing: 20260304_211521
2026-04-02 00:13:23,918 [INFO] [76/526] Processing: 20260304_211527
2026-04-02 00:13:26,972 [INFO] [77/526] Processing: 20260304_211532
2026-04-02 00:13:29,905 [INFO] [78/526] Processing: 20260304_211538
2026-04-02 00:13:32,907 [INFO] [79/526] Processing: 20260304_211544
2026-04-02 00:13:36,133 [INFO] [80/526] Processing: 20260304_211550
2026-04-02 00:13:38,672 [INFO] [81/526] Processing: 20260304_211556
2026-04-02 00:13:42,520 [INFO] [82/526] Processing: 20260304_211602
2026-04-02 00:13:45,334 [INFO] [83/526] Processing: 20260304_211608
2026-04-02 00:13:48,146 [INFO] [84/526] Processing: 20260304_211614
2026-04-02 00:13:52,143 [INFO] [85/526] Processing: 20260304_211620
2026-04-02 00:13:56,050 [INFO] [86/526] Processing: 20260304_211626
2026-04-02 00:13:59,638 [INFO] [87/526] Processing: 20260304_211632
2026-04-02 00:14:02,204 [INFO] [88/526] Processing: 20260304_211638
2026-04-02 00:14:05,606 [INFO] [89/526] Processing: 20260304_211644
2026-04-02 00:14:07,922 [INFO] [90/526] Processing: 20260304_211650
2026-04-02 00:14:12,165 [INFO] [91/526] Processing: 20260304_211656
2026-04-02 00:14:14,500 [INFO] [92/526] Processing: 20260304_211701
2026-04-02 00:14:16,848 [INFO] [93/526] Processing: 20260304_211707
2026-04-02 00:14:19,130 [INFO] [94/526] Processing: 20260304_211713
2026-04-02 00:14:21,360 [INFO] [95/526] Processing: 20260304_211719
2026-04-02 00:14:23,579 [INFO] [96/526] Processing: 20260304_211725
2026-04-02 00:14:27,493 [INFO] [97/526] Processing: 20260304_211731
2026-04-02 00:14:31,074 [INFO] [98/526] Processing: 20260304_211737
2026-04-02 00:14:33,066 [INFO] [99/526] Processing: 20260304_211743
2026-04-02 00:14:36,645 [INFO] [100/526] Processing: 20260304_211749
2026-04-02 00:14:39,485 [INFO] [101/526] Processing: 20260304_211755
2026-04-02 00:14:42,469 [INFO] [102/526] Processing: 20260304_211801
2026-04-02 00:14:44,599 [INFO] [103/526] Processing: 20260304_211807
2026-04-02 00:14:47,762 [INFO] [104/526] Processing: 20260304_211813
2026-04-02 00:14:50,856 [INFO] [105/526] Processing: 20260304_211819
2026-04-02 00:14:52,926 [INFO] [106/526] Processing: 20260304_211825
2026-04-02 00:14:54,942 [INFO] [107/526] Processing: 20260304_211831
2026-04-02 00:14:56,933 [INFO] [108/526] Processing: 20260304_211837
2026-04-02 00:14:59,981 [INFO] [109/526] Processing: 20260304_211843
2026-04-02 00:15:02,249 [INFO] [110/526] Processing: 20260304_211849
2026-04-02 00:15:05,652 [INFO] [111/526] Processing: 20260304_211855
2026-04-02 00:15:09,231 [INFO] [112/526] Processing: 20260304_211901
2026-04-02 00:15:11,445 [INFO] [113/526] Processing: 20260304_211907
2026-04-02 00:15:13,782 [INFO] [114/526] Processing: 20260304_211913
2026-04-02 00:15:16,875 [INFO] [115/526] Processing: 20260304_211919
2026-04-02 00:15:21,885 [INFO] [116/526] Processing: 20260304_211925
2026-04-02 00:15:26,155 [INFO] [117/526] Processing: 20260304_211931
2026-04-02 00:15:28,809 [INFO] [118/526] Processing: 20260304_211937
2026-04-02 00:15:31,574 [INFO] [119/526] Processing: 20260304_211943
2026-04-02 00:15:31,646 [ERROR] ❌ Error in 20260304_211943: zstd failed (exit 1) for /home/tsumura/my_robotiq_ws/data/softbaseball_fieldforce_test_0303/20260304_211943/bag/session_20260304_211943/session_20260304_211943_0.db3.zstd: 04_211943_0.db3.zstd : 0 MB...     04_211943_0.db3.zstd : Read error (39) : premature end
2026-04-02 00:15:31,646 [INFO] [120/526] Processing: 20260304_211948
2026-04-02 00:15:34,669 [INFO] [121/526] Processing: 20260304_211954
2026-04-02 00:15:37,112 [INFO] [122/526] Processing: 20260304_212000
2026-04-02 00:15:39,750 [INFO] [123/526] Processing: 20260304_212526
2026-04-02 00:15:42,245 [INFO] [124/526] Processing: 20260304_212532
2026-04-02 00:15:42,307 [ERROR] ❌ Error in 20260304_212532: zstd failed (exit 1) for /home/tsumura/my_robotiq_ws/data/rubberbaseball_test_0303/20260304_212532/bag/session_20260304_212532/session_20260304_212532_0.db3.zstd: 04_212532_0.db3.zstd : 0 MB...     04_212532_0.db3.zstd : Read error (39) : premature end
2026-04-02 00:15:42,307 [INFO] [125/526] Processing: 20260304_212538
2026-04-02 00:15:45,063 [INFO] [126/526] Processing: 20260304_212544
2026-04-02 00:15:47,845 [INFO] [127/526] Processing: 20260304_212550
2026-04-02 00:15:51,732 [INFO] [128/526] Processing: 20260304_212556
2026-04-02 00:15:56,110 [INFO] [129/526] Processing: 20260304_212602
2026-04-02 00:15:59,525 [INFO] [130/526] Processing: 20260304_212608
2026-04-02 00:16:02,099 [INFO] [131/526] Processing: 20260304_212614
2026-04-02 00:16:05,478 [INFO] [132/526] Processing: 20260304_212620
2026-04-02 00:16:08,301 [INFO] [133/526] Processing: 20260304_212626
2026-04-02 00:16:11,408 [INFO] [134/526] Processing: 20260304_212632
2026-04-02 00:16:13,889 [INFO] [135/526] Processing: 20260304_212638
2026-04-02 00:16:16,393 [INFO] [136/526] Processing: 20260304_212644
2026-04-02 00:16:19,071 [INFO] [137/526] Processing: 20260304_212650
2026-04-02 00:16:21,485 [INFO] [138/526] Processing: 20260304_212656
2026-04-02 00:16:23,680 [INFO] [139/526] Processing: 20260304_212702
2026-04-02 00:16:25,999 [INFO] [140/526] Processing: 20260304_212708
2026-04-02 00:16:29,106 [INFO] [141/526] Processing: 20260304_212714
2026-04-02 00:16:31,790 [INFO] [142/526] Processing: 20260304_212720
2026-04-02 00:16:35,783 [INFO] [143/526] Processing: 20260304_212726
2026-04-02 00:16:35,837 [ERROR] ❌ Error in 20260304_212726: zstd failed (exit 1) for /home/tsumura/my_robotiq_ws/data/rubberbaseball_test_0303/20260304_212726/bag/session_20260304_212726/session_20260304_212726_0.db3.zstd: 04_212726_0.db3.zstd : 0 MB...     04_212726_0.db3.zstd : Read error (39) : premature end
2026-04-02 00:16:35,837 [INFO] [144/526] Processing: 20260304_212731
2026-04-02 00:16:39,049 [INFO] [145/526] Processing: 20260304_212737
2026-04-02 00:16:43,063 [INFO] [146/526] Processing: 20260304_212743
2026-04-02 00:16:45,528 [INFO] [147/526] Processing: 20260304_212749
2026-04-02 00:16:47,674 [INFO] [148/526] Processing: 20260304_212755
2026-04-02 00:16:49,643 [INFO] [149/526] Processing: 20260304_212801
2026-04-02 00:16:52,791 [INFO] [150/526] Processing: 20260304_212807
2026-04-02 00:16:55,337 [INFO] [151/526] Processing: 20260304_212813
2026-04-02 00:16:58,339 [INFO] [152/526] Processing: 20260304_212819
2026-04-02 00:17:00,232 [INFO] [153/526] Processing: 20260304_212825
2026-04-02 00:17:03,341 [INFO] [154/526] Processing: 20260304_212831
2026-04-02 00:17:06,678 [INFO] [155/526] Processing: 20260304_212837
2026-04-02 00:17:06,740 [ERROR] ❌ Error in 20260304_212837: zstd failed (exit 1) for /home/tsumura/my_robotiq_ws/data/rubberbaseball_test_0303/20260304_212837/bag/session_20260304_212837/session_20260304_212837_0.db3.zstd: 04_212837_0.db3.zstd : 0 MB...     04_212837_0.db3.zstd : Read error (39) : premature end
2026-04-02 00:17:06,740 [INFO] [156/526] Processing: 20260304_212843
2026-04-02 00:17:09,745 [INFO] [157/526] Processing: 20260304_212849
2026-04-02 00:17:13,355 [INFO] [158/526] Processing: 20260304_212855
2026-04-02 00:17:15,956 [INFO] [159/526] Processing: 20260304_212901
2026-04-02 00:17:18,156 [INFO] [160/526] Processing: 20260304_212907
2026-04-02 00:17:21,767 [INFO] [161/526] Processing: 20260304_212913
2026-04-02 00:17:24,948 [INFO] [162/526] Processing: 20260304_212919
2026-04-02 00:17:27,561 [INFO] [163/526] Processing: 20260304_212925
2026-04-02 00:17:29,665 [INFO] [164/526] Processing: 20260304_212931
2026-04-02 00:17:32,203 [INFO] [165/526] Processing: 20260304_212936
2026-04-02 00:17:34,862 [INFO] [166/526] Processing: 20260304_212942
2026-04-02 00:17:37,305 [INFO] [167/526] Processing: 20260304_212948
2026-04-02 00:17:39,554 [INFO] [168/526] Processing: 20260304_212954
2026-04-02 00:17:42,682 [INFO] [169/526] Processing: 20260304_213000
2026-04-02 00:17:45,001 [INFO] [170/526] Processing: 20260304_213006
2026-04-02 00:17:48,470 [INFO] [171/526] Processing: 20260304_213012
2026-04-02 00:17:52,538 [INFO] [172/526] Processing: 20260304_213018
2026-04-02 00:17:55,546 [INFO] [173/526] Processing: 20260304_213123
2026-04-02 00:17:58,510 [INFO] [174/526] Processing: 20260304_213129
2026-04-02 00:18:02,404 [INFO] [175/526] Processing: 20260304_213135
2026-04-02 00:18:05,278 [INFO] [176/526] Processing: 20260304_213141
2026-04-02 00:18:08,000 [INFO] [177/526] Processing: 20260304_213147
2026-04-02 00:18:10,571 [INFO] [178/526] Processing: 20260304_213153
2026-04-02 00:18:13,207 [INFO] [179/526] Processing: 20260304_213159
2026-04-02 00:18:15,649 [INFO] [180/526] Processing: 20260304_213205
2026-04-02 00:18:18,225 [INFO] [181/526] Processing: 20260304_213211
2026-04-02 00:18:20,746 [INFO] [182/526] Processing: 20260304_213217
2026-04-02 00:18:24,315 [INFO] [183/526] Processing: 20260304_213223
2026-04-02 00:18:26,795 [INFO] [184/526] Processing: 20260304_213229
2026-04-02 00:18:28,993 [INFO] [185/526] Processing: 20260304_213234
2026-04-02 00:18:31,228 [INFO] [186/526] Processing: 20260304_213240
2026-04-02 00:18:33,726 [INFO] [187/526] Processing: 20260304_213246
2026-04-02 00:18:37,604 [INFO] [188/526] Processing: 20260304_213252
2026-04-02 00:18:40,251 [INFO] [189/526] Processing: 20260304_213258
2026-04-02 00:18:42,508 [INFO] [190/526] Processing: 20260304_213304
2026-04-02 00:18:44,710 [INFO] [191/526] Processing: 20260304_213310
2026-04-02 00:18:47,378 [INFO] [192/526] Processing: 20260304_213316
2026-04-02 00:18:49,237 [INFO] [193/526] Processing: 20260304_213322
2026-04-02 00:18:51,456 [INFO] [194/526] Processing: 20260304_213328
2026-04-02 00:18:54,443 [INFO] [195/526] Processing: 20260304_213334
2026-04-02 00:18:56,707 [INFO] [196/526] Processing: 20260304_213340
2026-04-02 00:18:58,974 [INFO] [197/526] Processing: 20260304_213346
2026-04-02 00:19:03,332 [INFO] [198/526] Processing: 20260304_213352
2026-04-02 00:19:06,898 [INFO] [199/526] Processing: 20260304_213357
2026-04-02 00:19:09,403 [INFO] [200/526] Processing: 20260304_213403
2026-04-02 00:19:13,142 [INFO] [201/526] Processing: 20260304_213409
2026-04-02 00:19:15,761 [INFO] [202/526] Processing: 20260304_213415
2026-04-02 00:19:18,005 [INFO] [203/526] Processing: 20260304_213421
2026-04-02 00:19:20,241 [INFO] [204/526] Processing: 20260304_213427
2026-04-02 00:19:22,639 [INFO] [205/526] Processing: 20260304_213433
2026-04-02 00:19:24,859 [INFO] [206/526] Processing: 20260304_213439
2026-04-02 00:19:27,201 [INFO] [207/526] Processing: 20260304_213445
2026-04-02 00:19:29,495 [INFO] [208/526] Processing: 20260304_213451
2026-04-02 00:19:31,594 [INFO] [209/526] Processing: 20260304_213457
2026-04-02 00:19:33,725 [INFO] [210/526] Processing: 20260304_213503
2026-04-02 00:19:36,227 [INFO] [211/526] Processing: 20260304_213509
2026-04-02 00:19:38,314 [INFO] [212/526] Processing: 20260304_213515
2026-04-02 00:19:40,434 [INFO] [213/526] Processing: 20260304_213521
2026-04-02 00:19:44,756 [INFO] [214/526] Processing: 20260304_213527
2026-04-02 00:19:47,926 [INFO] [215/526] Processing: 20260304_213533
2026-04-02 00:19:50,804 [INFO] [216/526] Processing: 20260304_213538
2026-04-02 00:19:54,996 [INFO] [217/526] Processing: 20260304_213544
2026-04-02 00:19:59,162 [INFO] [218/526] Processing: 20260304_213550
2026-04-02 00:20:01,817 [INFO] [219/526] Processing: 20260304_213556
2026-04-02 00:20:05,745 [INFO] [220/526] Processing: 20260304_213602
2026-04-02 00:20:08,536 [INFO] [221/526] Processing: 20260304_213608
2026-04-02 00:20:08,588 [ERROR] ❌ Error in 20260304_213608: zstd failed (exit 1) for /home/tsumura/my_robotiq_ws/data/rubberbaseball_test_0303/20260304_213608/bag/session_20260304_213608/session_20260304_213608_0.db3.zstd: 04_213608_0.db3.zstd : 0 MB...     04_213608_0.db3.zstd : Read error (39) : premature end
2026-04-02 00:20:08,588 [INFO] [222/526] Processing: 20260304_213614
2026-04-02 00:20:11,270 [INFO] [223/526] Processing: 20260304_214345
2026-04-02 00:20:11,292 [ERROR] ❌ Error in 20260304_214345: zstd failed (exit 1) for /home/tsumura/my_robotiq_ws/data/colorball_test_0303/20260304_214345/bag/session_20260304_214345/session_20260304_214345_0.db3.zstd: 04_214345_0.db3.zstd : 0 MB...     04_214345_0.db3.zstd : Read error (39) : premature end
2026-04-02 00:20:11,293 [INFO] [224/526] Processing: 20260304_214421
2026-04-02 00:20:11,314 [ERROR] ❌ Error in 20260304_214421: zstd failed (exit 1) for /home/tsumura/my_robotiq_ws/data/colorball_test_0303/20260304_214421/bag/session_20260304_214421/session_20260304_214421_0.db3.zstd: 04_214421_0.db3.zstd : 0 MB...     04_214421_0.db3.zstd : Read error (39) : premature end
2026-04-02 00:20:11,314 [INFO] [225/526] Processing: 20260304_215243
2026-04-02 00:20:11,341 [ERROR] ❌ Error in 20260304_215243: zstd failed (exit 1) for /home/tsumura/my_robotiq_ws/data/colorball_test_0303/20260304_215243/bag/session_20260304_215243/session_20260304_215243_0.db3.zstd: 04_215243_0.db3.zstd : 0 MB...     04_215243_0.db3.zstd : Read error (39) : premature end
2026-04-02 00:20:11,341 [INFO] [226/526] Processing: 20260304_220201
2026-04-02 00:20:14,484 [INFO] [227/526] Processing: 20260304_220207
2026-04-02 00:20:18,851 [INFO] [228/526] Processing: 20260304_220213
2026-04-02 00:20:21,999 [INFO] [229/526] Processing: 20260304_220219
2026-04-02 00:20:24,469 [INFO] [230/526] Processing: 20260304_220225
2026-04-02 00:20:26,368 [INFO] [231/526] Processing: 20260304_220231
2026-04-02 00:20:29,018 [INFO] [232/526] Processing: 20260304_220237
2026-04-02 00:20:33,629 [INFO] [233/526] Processing: 20260304_220243
2026-04-02 00:20:37,069 [INFO] [234/526] Processing: 20260304_220249
2026-04-02 00:20:41,429 [INFO] [235/526] Processing: 20260304_220255
2026-04-02 00:20:45,697 [INFO] [236/526] Processing: 20260304_220301
2026-04-02 00:20:48,160 [INFO] [237/526] Processing: 20260304_220307
2026-04-02 00:20:51,023 [INFO] [238/526] Processing: 20260304_220313
2026-04-02 00:20:54,615 [INFO] [239/526] Processing: 20260304_220319
2026-04-02 00:20:58,045 [INFO] [240/526] Processing: 20260304_220325
2026-04-02 00:21:01,587 [INFO] [241/526] Processing: 20260304_220330
2026-04-02 00:21:04,497 [INFO] [242/526] Processing: 20260304_220336
2026-04-02 00:21:07,259 [INFO] [243/526] Processing: 20260304_220342
2026-04-02 00:21:09,939 [INFO] [244/526] Processing: 20260304_220349
2026-04-02 00:21:12,665 [INFO] [245/526] Processing: 20260304_220355
2026-04-02 00:21:16,741 [INFO] [246/526] Processing: 20260304_220400
2026-04-02 00:21:19,836 [INFO] [247/526] Processing: 20260304_220406
2026-04-02 00:21:22,592 [INFO] [248/526] Processing: 20260304_220413
2026-04-02 00:21:26,250 [INFO] [249/526] Processing: 20260304_220419
2026-04-02 00:21:28,968 [INFO] [250/526] Processing: 20260304_220424
2026-04-02 00:21:31,602 [INFO] [251/526] Processing: 20260304_220430
2026-04-02 00:21:34,263 [INFO] [252/526] Processing: 20260304_220436
2026-04-02 00:21:37,957 [INFO] [253/526] Processing: 20260304_220442
2026-04-02 00:21:40,679 [INFO] [254/526] Processing: 20260304_220448
2026-04-02 00:21:43,984 [INFO] [255/526] Processing: 20260304_220454
2026-04-02 00:21:48,344 [INFO] [256/526] Processing: 20260304_220500
2026-04-02 00:21:50,819 [INFO] [257/526] Processing: 20260304_220506
2026-04-02 00:21:53,254 [INFO] [258/526] Processing: 20260304_220512
2026-04-02 00:21:55,792 [INFO] [259/526] Processing: 20260304_220518
2026-04-02 00:21:58,517 [INFO] [260/526] Processing: 20260304_220524
2026-04-02 00:21:58,566 [ERROR] ❌ Error in 20260304_220524: zstd failed (exit 1) for /home/tsumura/my_robotiq_ws/data/gacha_large_test_0303/20260304_220524/bag/session_20260304_220524/session_20260304_220524_0.db3.zstd: 04_220524_0.db3.zstd : 0 MB...     04_220524_0.db3.zstd : Read error (39) : premature end
2026-04-02 00:21:58,566 [INFO] [261/526] Processing: 20260304_220530
2026-04-02 00:22:00,784 [INFO] [262/526] Processing: 20260304_220536
2026-04-02 00:22:03,834 [INFO] [263/526] Processing: 20260304_220548
2026-04-02 00:22:06,053 [INFO] [264/526] Processing: 20260304_220554
2026-04-02 00:22:09,189 [INFO] [265/526] Processing: 20260304_220600
2026-04-02 00:22:11,695 [INFO] [266/526] Processing: 20260304_220606
2026-04-02 00:22:13,933 [INFO] [267/526] Processing: 20260304_220612
2026-04-02 00:22:16,808 [INFO] [268/526] Processing: 20260304_220618
2026-04-02 00:22:19,145 [INFO] [269/526] Processing: 20260304_220624
2026-04-02 00:22:23,623 [INFO] [270/526] Processing: 20260304_220629
2026-04-02 00:22:26,231 [INFO] [271/526] Processing: 20260304_220635
2026-04-02 00:22:28,393 [INFO] [272/526] Processing: 20260304_220641
2026-04-02 00:22:32,633 [INFO] [273/526] Processing: 20260304_220647
2026-04-02 00:22:35,680 [INFO] [274/526] Processing: 20260304_220653
2026-04-02 00:22:37,687 [INFO] [275/526] Processing: 20260304_220659
2026-04-02 00:22:40,689 [INFO] [276/526] Processing: 20260304_220705
2026-04-02 00:22:42,703 [INFO] [277/526] Processing: 20260304_220542
2026-04-02 00:22:44,897 [INFO] [278/526] Processing: 20260304_220711
2026-04-02 00:22:46,869 [INFO] [279/526] Processing: 20260304_220717
2026-04-02 00:22:46,909 [ERROR] ❌ Error in 20260304_220717: zstd failed (exit 1) for /home/tsumura/my_robotiq_ws/data/gacha_large_test_0303/20260304_220717/bag/session_20260304_220717/session_20260304_220717_0.db3.zstd: 04_220717_0.db3.zstd : 0 MB...     04_220717_0.db3.zstd : Read error (39) : premature end
2026-04-02 00:22:46,909 [INFO] [280/526] Processing: 20260304_220723
2026-04-02 00:22:50,371 [INFO] [281/526] Processing: 20260304_220729
2026-04-02 00:22:53,785 [INFO] [282/526] Processing: 20260304_220735
2026-04-02 00:22:56,519 [INFO] [283/526] Processing: 20260304_220741
2026-04-02 00:22:59,616 [INFO] [284/526] Processing: 20260304_220747
2026-04-02 00:23:02,426 [INFO] [285/526] Processing: 20260304_220753
2026-04-02 00:23:05,098 [INFO] [286/526] Processing: 20260304_220759
2026-04-02 00:23:07,672 [INFO] [287/526] Processing: 20260304_220805
2026-04-02 00:23:11,106 [INFO] [288/526] Processing: 20260304_220811
2026-04-02 00:23:13,715 [INFO] [289/526] Processing: 20260304_220817
2026-04-02 00:23:16,447 [INFO] [290/526] Processing: 20260304_220823
2026-04-02 00:23:19,399 [INFO] [291/526] Processing: 20260304_220829
2026-04-02 00:23:21,962 [INFO] [292/526] Processing: 20260304_220835
2026-04-02 00:23:24,511 [INFO] [293/526] Processing: 20260304_220841
2026-04-02 00:23:27,989 [INFO] [294/526] Processing: 20260304_220847
2026-04-02 00:23:32,198 [INFO] [295/526] Processing: 20260304_220853
2026-04-02 00:23:34,943 [INFO] [296/526] Processing: 20260304_220859
2026-04-02 00:23:38,180 [INFO] [297/526] Processing: 20260304_220905
2026-04-02 00:23:40,690 [INFO] [298/526] Processing: 20260304_220911
2026-04-02 00:23:44,217 [INFO] [299/526] Processing: 20260304_220917
2026-04-02 00:23:47,567 [INFO] [300/526] Processing: 20260304_220923
2026-04-02 00:23:51,808 [INFO] [301/526] Processing: 20260304_220929
2026-04-02 00:23:55,102 [INFO] [302/526] Processing: 20260304_220934
2026-04-02 00:23:58,492 [INFO] [303/526] Processing: 20260304_220940
2026-04-02 00:23:58,629 [ERROR] ❌ Error in 20260304_220940: zstd failed (exit 1) for /home/tsumura/my_robotiq_ws/data/gacha_large_test_0303/20260304_220940/bag/session_20260304_220940/session_20260304_220940_0.db3.zstd: 04_220940_0.db3.zstd : 0 MB...     04_220940_0.db3.zstd : Read error (39) : premature end
2026-04-02 00:23:58,630 [INFO] [304/526] Processing: 20260304_220946
2026-04-02 00:24:01,641 [INFO] [305/526] Processing: 20260304_220952
2026-04-02 00:24:03,823 [INFO] [306/526] Processing: 20260304_220958
2026-04-02 00:24:06,158 [INFO] [307/526] Processing: 20260304_221004
2026-04-02 00:24:08,998 [INFO] [308/526] Processing: 20260304_221010
2026-04-02 00:24:12,447 [INFO] [309/526] Processing: 20260304_221016
2026-04-02 00:24:15,815 [INFO] [310/526] Processing: 20260304_221022
2026-04-02 00:24:18,519 [INFO] [311/526] Processing: 20260304_221028
2026-04-02 00:24:20,901 [INFO] [312/526] Processing: 20260304_221034
2026-04-02 00:24:24,376 [INFO] [313/526] Processing: 20260304_221040
2026-04-02 00:24:27,977 [INFO] [314/526] Processing: 20260304_221046
2026-04-02 00:24:29,964 [INFO] [315/526] Processing: 20260304_221052
2026-04-02 00:24:32,185 [INFO] [316/526] Processing: 20260304_221058
2026-04-02 00:24:34,774 [INFO] [317/526] Processing: 20260304_221104
2026-04-02 00:24:37,818 [INFO] [318/526] Processing: 20260304_221110
2026-04-02 00:24:40,144 [INFO] [319/526] Processing: 20260304_221116
2026-04-02 00:24:42,143 [INFO] [320/526] Processing: 20260304_221122
2026-04-02 00:24:44,861 [INFO] [321/526] Processing: 20260304_221128
2026-04-02 00:24:47,896 [INFO] [322/526] Processing: 20260304_221134
2026-04-02 00:24:50,271 [INFO] [323/526] Processing: 20260304_221140
2026-04-02 00:24:53,263 [INFO] [324/526] Processing: 20260304_221146
2026-04-02 00:24:56,213 [INFO] [325/526] Processing: 20260304_221152
2026-04-02 00:24:59,458 [INFO] [326/526] Processing: 20260304_222627
2026-04-02 00:25:03,232 [INFO] [327/526] Processing: 20260304_222633
2026-04-02 00:25:05,359 [INFO] [328/526] Processing: 20260304_222639
2026-04-02 00:25:08,206 [INFO] [329/526] Processing: 20260304_222645
2026-04-02 00:25:10,969 [INFO] [330/526] Processing: 20260304_222651
2026-04-02 00:25:13,045 [INFO] [331/526] Processing: 20260304_222657
2026-04-02 00:25:15,630 [INFO] [332/526] Processing: 20260304_222703
2026-04-02 00:25:17,868 [INFO] [333/526] Processing: 20260304_222709
2026-04-02 00:25:21,128 [INFO] [334/526] Processing: 20260304_222715
2026-04-02 00:25:23,885 [INFO] [335/526] Processing: 20260304_222721
2026-04-02 00:25:27,388 [INFO] [336/526] Processing: 20260304_222727
2026-04-02 00:25:30,102 [INFO] [337/526] Processing: 20260304_222733
2026-04-02 00:25:34,375 [INFO] [338/526] Processing: 20260304_222739
2026-04-02 00:25:37,205 [INFO] [339/526] Processing: 20260304_222745
2026-04-02 00:25:39,785 [INFO] [340/526] Processing: 20260304_222751
2026-04-02 00:25:43,301 [INFO] [341/526] Processing: 20260304_222756
2026-04-02 00:25:45,780 [INFO] [342/526] Processing: 20260304_222802
2026-04-02 00:25:48,324 [INFO] [343/526] Processing: 20260304_222808
2026-04-02 00:25:51,376 [INFO] [344/526] Processing: 20260304_222814
2026-04-02 00:25:54,575 [INFO] [345/526] Processing: 20260304_222820
2026-04-02 00:25:57,929 [INFO] [346/526] Processing: 20260304_222826
2026-04-02 00:26:00,391 [INFO] [347/526] Processing: 20260304_222832
2026-04-02 00:26:03,667 [INFO] [348/526] Processing: 20260304_222838
2026-04-02 00:26:06,521 [INFO] [349/526] Processing: 20260304_222844
2026-04-02 00:26:08,968 [INFO] [350/526] Processing: 20260304_222850
2026-04-02 00:26:11,334 [INFO] [351/526] Processing: 20260304_222856
2026-04-02 00:26:14,509 [INFO] [352/526] Processing: 20260304_222902
2026-04-02 00:26:16,995 [INFO] [353/526] Processing: 20260304_222908
2026-04-02 00:26:20,123 [INFO] [354/526] Processing: 20260304_222914
2026-04-02 00:26:23,326 [INFO] [355/526] Processing: 20260304_222920
2026-04-02 00:26:25,903 [INFO] [356/526] Processing: 20260304_222926
2026-04-02 00:26:28,814 [INFO] [357/526] Processing: 20260304_222932
2026-04-02 00:26:32,077 [INFO] [358/526] Processing: 20260304_222938
2026-04-02 00:26:35,654 [INFO] [359/526] Processing: 20260304_222944
2026-04-02 00:26:38,615 [INFO] [360/526] Processing: 20260304_222950
2026-04-02 00:26:42,645 [INFO] [361/526] Processing: 20260304_222956
2026-04-02 00:26:47,182 [INFO] [362/526] Processing: 20260304_223001
2026-04-02 00:26:50,083 [INFO] [363/526] Processing: 20260304_223007
2026-04-02 00:26:52,831 [INFO] [364/526] Processing: 20260304_223013
2026-04-02 00:26:55,574 [INFO] [365/526] Processing: 20260304_223019
2026-04-02 00:26:59,338 [INFO] [366/526] Processing: 20260304_223025
2026-04-02 00:27:02,642 [INFO] [367/526] Processing: 20260304_223031
2026-04-02 00:27:06,190 [INFO] [368/526] Processing: 20260304_223037
2026-04-02 00:27:09,852 [INFO] [369/526] Processing: 20260304_223043
2026-04-02 00:27:13,501 [INFO] [370/526] Processing: 20260304_223049
2026-04-02 00:27:18,119 [INFO] [371/526] Processing: 20260304_223055
2026-04-02 00:27:20,660 [INFO] [372/526] Processing: 20260304_223101
2026-04-02 00:27:23,171 [INFO] [373/526] Processing: 20260304_223107
2026-04-02 00:27:25,549 [INFO] [374/526] Processing: 20260304_223113
2026-04-02 00:27:28,071 [INFO] [375/526] Processing: 20260304_223119
2026-04-02 00:27:28,232 [ERROR] ❌ Error in 20260304_223119: zstd failed (exit 1) for /home/tsumura/my_robotiq_ws/data/rubberbaseball_c_test_0303/20260304_223119/bag/session_20260304_223119/session_20260304_223119_0.db3.zstd: 04_223119_0.db3.zstd : 0 MB...     04_223119_0.db3.zstd : Read error (39) : premature end
2026-04-02 00:27:28,233 [INFO] [376/526] Processing: 20260304_223125
2026-04-02 00:27:32,138 [INFO] [377/526] Processing: 20260304_223131
2026-04-02 00:27:34,573 [INFO] [378/526] Processing: 20260304_223137
2026-04-02 00:27:38,281 [INFO] [379/526] Processing: 20260304_223143
2026-04-02 00:27:41,499 [INFO] [380/526] Processing: 20260304_223149
2026-04-02 00:27:46,064 [INFO] [381/526] Processing: 20260304_223155
2026-04-02 00:27:50,700 [INFO] [382/526] Processing: 20260304_223201
2026-04-02 00:27:54,338 [INFO] [383/526] Processing: 20260304_223207
2026-04-02 00:27:58,015 [INFO] [384/526] Processing: 20260304_223213
2026-04-02 00:28:00,638 [INFO] [385/526] Processing: 20260304_223219
2026-04-02 00:28:02,999 [INFO] [386/526] Processing: 20260304_223224
2026-04-02 00:28:06,229 [INFO] [387/526] Processing: 20260304_223230
2026-04-02 00:28:09,119 [INFO] [388/526] Processing: 20260304_223236
2026-04-02 00:28:12,048 [INFO] [389/526] Processing: 20260304_223242
2026-04-02 00:28:16,520 [INFO] [390/526] Processing: 20260304_223248
2026-04-02 00:28:19,745 [INFO] [391/526] Processing: 20260304_223254
2026-04-02 00:28:23,242 [INFO] [392/526] Processing: 20260304_223300
2026-04-02 00:28:27,104 [INFO] [393/526] Processing: 20260304_223306
2026-04-02 00:28:29,545 [INFO] [394/526] Processing: 20260304_223312
2026-04-02 00:28:34,664 [INFO] [395/526] Processing: 20260304_223318
2026-04-02 00:28:37,742 [INFO] [396/526] Processing: 20260304_223324
2026-04-02 00:28:41,520 [INFO] [397/526] Processing: 20260304_223330
2026-04-02 00:28:43,541 [INFO] [398/526] Processing: 20260304_223336
2026-04-02 00:28:45,670 [INFO] [399/526] Processing: 20260304_223342
2026-04-02 00:28:49,785 [INFO] [400/526] Processing: 20260304_223348
2026-04-02 00:28:51,622 [INFO] [401/526] Processing: 20260304_223354
2026-04-02 00:28:53,653 [INFO] [402/526] Processing: 20260304_223400
2026-04-02 00:28:55,819 [INFO] [403/526] Processing: 20260304_223406
2026-04-02 00:29:00,829 [INFO] [404/526] Processing: 20260304_223412
2026-04-02 00:29:04,426 [INFO] [405/526] Processing: 20260304_223418
2026-04-02 00:29:08,182 [INFO] [406/526] Processing: 20260304_223424
2026-04-02 00:29:12,870 [INFO] [407/526] Processing: 20260304_223430
2026-04-02 00:29:15,581 [INFO] [408/526] Processing: 20260304_223436
2026-04-02 00:29:18,830 [INFO] [409/526] Processing: 20260304_223442
2026-04-02 00:29:21,967 [INFO] [410/526] Processing: 20260304_223447
2026-04-02 00:29:24,875 [INFO] [411/526] Processing: 20260304_223453
2026-04-02 00:29:28,102 [INFO] [412/526] Processing: 20260304_223459
2026-04-02 00:29:30,828 [INFO] [413/526] Processing: 20260304_223505
2026-04-02 00:29:33,744 [INFO] [414/526] Processing: 20260304_223511
2026-04-02 00:29:36,740 [INFO] [415/526] Processing: 20260304_223517
2026-04-02 00:29:40,202 [INFO] [416/526] Processing: 20260304_223523
2026-04-02 00:29:43,352 [INFO] [417/526] Processing: 20260304_223529
2026-04-02 00:29:47,331 [INFO] [418/526] Processing: 20260304_223535
2026-04-02 00:29:52,554 [INFO] [419/526] Processing: 20260304_223541
2026-04-02 00:29:56,150 [INFO] [420/526] Processing: 20260304_223547
2026-04-02 00:30:00,606 [INFO] [421/526] Processing: 20260304_223553
2026-04-02 00:30:03,649 [INFO] [422/526] Processing: 20260304_223559
2026-04-02 00:30:07,796 [INFO] [423/526] Processing: 20260304_223605
2026-04-02 00:30:11,500 [INFO] [424/526] Processing: 20260304_223611
2026-04-02 00:30:14,628 [INFO] [425/526] Processing: 20260304_223617
2026-04-02 00:30:19,633 [INFO] [426/526] Processing: 20260304_223957
2026-04-02 00:30:21,274 [INFO] [427/526] Processing: 20260304_224103
2026-04-02 00:30:23,812 [INFO] [428/526] Processing: 20260304_224109
2026-04-02 00:30:27,261 [INFO] [429/526] Processing: 20260304_224115
2026-04-02 00:30:30,032 [INFO] [430/526] Processing: 20260304_224121
2026-04-02 00:30:32,742 [INFO] [431/526] Processing: 20260304_224127
2026-04-02 00:30:35,643 [INFO] [432/526] Processing: 20260304_224132
2026-04-02 00:30:38,332 [INFO] [433/526] Processing: 20260304_224138
2026-04-02 00:30:41,524 [INFO] [434/526] Processing: 20260304_224144
2026-04-02 00:30:44,539 [INFO] [435/526] Processing: 20260304_224150
2026-04-02 00:30:47,264 [INFO] [436/526] Processing: 20260304_224156
2026-04-02 00:30:49,840 [INFO] [437/526] Processing: 20260304_224202
2026-04-02 00:30:52,510 [INFO] [438/526] Processing: 20260304_224208
2026-04-02 00:30:55,073 [INFO] [439/526] Processing: 20260304_224214
2026-04-02 00:30:57,636 [INFO] [440/526] Processing: 20260304_224220
2026-04-02 00:31:00,100 [INFO] [441/526] Processing: 20260304_224226
2026-04-02 00:31:03,457 [INFO] [442/526] Processing: 20260304_224232
2026-04-02 00:31:05,704 [INFO] [443/526] Processing: 20260304_224238
2026-04-02 00:31:08,175 [INFO] [444/526] Processing: 20260304_224244
2026-04-02 00:31:10,678 [INFO] [445/526] Processing: 20260304_224250
2026-04-02 00:31:13,679 [INFO] [446/526] Processing: 20260304_224256
2026-04-02 00:31:16,543 [INFO] [447/526] Processing: 20260304_224302
2026-04-02 00:31:19,987 [INFO] [448/526] Processing: 20260304_224308
2026-04-02 00:31:23,290 [INFO] [449/526] Processing: 20260304_224314
2026-04-02 00:31:27,867 [INFO] [450/526] Processing: 20260304_224320
2026-04-02 00:31:31,464 [INFO] [451/526] Processing: 20260304_224326
2026-04-02 00:31:34,623 [INFO] [452/526] Processing: 20260304_224332
2026-04-02 00:31:38,821 [INFO] [453/526] Processing: 20260304_224338
2026-04-02 00:31:42,335 [INFO] [454/526] Processing: 20260304_224344
2026-04-02 00:31:45,191 [INFO] [455/526] Processing: 20260304_224350
2026-04-02 00:31:48,480 [INFO] [456/526] Processing: 20260304_224355
2026-04-02 00:31:51,717 [INFO] [457/526] Processing: 20260304_224401
2026-04-02 00:31:54,788 [INFO] [458/526] Processing: 20260304_224407
2026-04-02 00:31:58,338 [INFO] [459/526] Processing: 20260304_224413
2026-04-02 00:32:02,029 [INFO] [460/526] Processing: 20260304_224419
2026-04-02 00:32:05,407 [INFO] [461/526] Processing: 20260304_224425
2026-04-02 00:32:08,027 [INFO] [462/526] Processing: 20260304_224431
2026-04-02 00:32:10,693 [INFO] [463/526] Processing: 20260304_224437
2026-04-02 00:32:14,414 [INFO] [464/526] Processing: 20260304_224443
2026-04-02 00:32:17,784 [INFO] [465/526] Processing: 20260304_224449
2026-04-02 00:32:20,298 [INFO] [466/526] Processing: 20260304_224455
2026-04-02 00:32:23,182 [INFO] [467/526] Processing: 20260304_224501
2026-04-02 00:32:26,176 [INFO] [468/526] Processing: 20260304_224507
2026-04-02 00:32:29,447 [INFO] [469/526] Processing: 20260304_224513
2026-04-02 00:32:32,913 [INFO] [470/526] Processing: 20260304_224519
2026-04-02 00:32:35,393 [INFO] [471/526] Processing: 20260304_224525
2026-04-02 00:32:38,015 [INFO] [472/526] Processing: 20260304_224531
2026-04-02 00:32:40,358 [INFO] [473/526] Processing: 20260304_224537
2026-04-02 00:32:42,957 [INFO] [474/526] Processing: 20260304_224543
2026-04-02 00:32:46,328 [INFO] [475/526] Processing: 20260304_224549
2026-04-02 00:32:49,937 [INFO] [476/526] Processing: 20260304_224555
2026-04-02 00:32:52,466 [INFO] [477/526] Processing: 20260304_224601
2026-04-02 00:32:55,048 [INFO] [478/526] Processing: 20260304_224607
2026-04-02 00:32:59,498 [INFO] [479/526] Processing: 20260304_224613
2026-04-02 00:33:03,038 [INFO] [480/526] Processing: 20260304_224619
2026-04-02 00:33:05,475 [INFO] [481/526] Processing: 20260304_224625
2026-04-02 00:33:08,766 [INFO] [482/526] Processing: 20260304_224631
2026-04-02 00:33:12,814 [INFO] [483/526] Processing: 20260304_224637
2026-04-02 00:33:16,309 [INFO] [484/526] Processing: 20260304_224643
2026-04-02 00:33:20,522 [INFO] [485/526] Processing: 20260304_224649
2026-04-02 00:33:22,917 [INFO] [486/526] Processing: 20260304_224655
2026-04-02 00:33:27,078 [INFO] [487/526] Processing: 20260304_224701
2026-04-02 00:33:31,377 [INFO] [488/526] Processing: 20260304_224707
2026-04-02 00:33:33,854 [INFO] [489/526] Processing: 20260304_224713
2026-04-02 00:33:37,083 [INFO] [490/526] Processing: 20260304_224719
2026-04-02 00:33:40,687 [INFO] [491/526] Processing: 20260304_224725
2026-04-02 00:33:43,685 [INFO] [492/526] Processing: 20260304_224731
2026-04-02 00:33:46,390 [INFO] [493/526] Processing: 20260304_224737
2026-04-02 00:33:49,728 [INFO] [494/526] Processing: 20260304_224743
2026-04-02 00:33:53,481 [INFO] [495/526] Processing: 20260304_224749
2026-04-02 00:33:57,075 [INFO] [496/526] Processing: 20260304_224755
2026-04-02 00:34:00,434 [INFO] [497/526] Processing: 20260304_224801
2026-04-02 00:34:03,452 [INFO] [498/526] Processing: 20260304_224807
2026-04-02 00:34:06,027 [INFO] [499/526] Processing: 20260304_224813
2026-04-02 00:34:09,829 [INFO] [500/526] Processing: 20260304_224819
2026-04-02 00:34:14,096 [INFO] [501/526] Processing: 20260304_224825
2026-04-02 00:34:16,926 [INFO] [502/526] Processing: 20260304_224831
2026-04-02 00:34:19,957 [INFO] [503/526] Processing: 20260304_224837
2026-04-02 00:34:23,726 [INFO] [504/526] Processing: 20260304_224843
2026-04-02 00:34:28,062 [INFO] [505/526] Processing: 20260304_224849
2026-04-02 00:34:31,051 [INFO] [506/526] Processing: 20260304_224855
2026-04-02 00:34:34,028 [INFO] [507/526] Processing: 20260304_224901
2026-04-02 00:34:37,352 [INFO] [508/526] Processing: 20260304_224907
2026-04-02 00:34:39,963 [INFO] [509/526] Processing: 20260304_224913
2026-04-02 00:34:42,908 [INFO] [510/526] Processing: 20260304_224919
2026-04-02 00:34:45,467 [INFO] [511/526] Processing: 20260304_224925
2026-04-02 00:34:48,365 [INFO] [512/526] Processing: 20260304_224931
2026-04-02 00:34:51,027 [INFO] [513/526] Processing: 20260304_224937
2026-04-02 00:34:53,863 [INFO] [514/526] Processing: 20260304_224943
2026-04-02 00:34:57,586 [INFO] [515/526] Processing: 20260304_224949
2026-04-02 00:35:01,069 [INFO] [516/526] Processing: 20260304_224955
2026-04-02 00:35:04,463 [INFO] [517/526] Processing: 20260304_225001
2026-04-02 00:35:07,659 [INFO] [518/526] Processing: 20260304_225007
2026-04-02 00:35:11,287 [INFO] [519/526] Processing: 20260304_225013
2026-04-02 00:35:11,320 [ERROR] ❌ Error in 20260304_225013: zstd failed (exit 1) for /home/tsumura/my_robotiq_ws/data/petbottle_test_0303/20260304_225013/bag/session_20260304_225013/session_20260304_225013_0.db3.zstd: 04_225013_0.db3.zstd : 0 MB...     04_225013_0.db3.zstd : Read error (39) : premature end
2026-04-02 00:35:11,320 [INFO] [520/526] Processing: 20260304_225019
2026-04-02 00:35:14,177 [INFO] [521/526] Processing: 20260304_225025
2026-04-02 00:35:17,903 [INFO] [522/526] Processing: 20260304_225031
2026-04-02 00:35:20,619 [INFO] [523/526] Processing: 20260304_225037
2026-04-02 00:35:23,180 [INFO] [524/526] Processing: 20260304_225043
2026-04-02 00:35:26,534 [INFO] [525/526] Processing: 20260304_225049
2026-04-02 00:35:30,353 [INFO] [526/526] Processing: 20260304_225055
2026-04-02 00:35:33,064 [INFO] Summary: Success 512, Fail 14, Skip 100
