2026-04-02 01:14:07,240 [INFO] 🚀 Starting process for 13 sessions.
2026-04-02 01:14:07,241 [INFO] [1/13] Processing: 20260304_211943
2026-04-02 01:14:07,274 [ERROR] ❌ Error in 20260304_211943: zstd failed (exit 1) for /home/tsumura/my_robotiq_ws/data/softbaseball_fieldforce_test_0303/20260304_211943/bag/session_20260304_211943/session_20260304_211943_0.db3.zstd: 04_211943_0.db3.zstd : 0 MB...     04_211943_0.db3.zstd : Read error (39) : premature end
2026-04-02 01:14:07,274 [INFO] [2/13] Processing: 20260304_212532
2026-04-02 01:14:07,302 [ERROR] ❌ Error in 20260304_212532: zstd failed (exit 1) for /home/tsumura/my_robotiq_ws/data/rubberbaseball_test_0303/20260304_212532/bag/session_20260304_212532/session_20260304_212532_0.db3.zstd: 04_212532_0.db3.zstd : 0 MB...     04_212532_0.db3.zstd : Read error (39) : premature end
2026-04-02 01:14:07,303 [INFO] [3/13] Processing: 20260304_212726
2026-04-02 01:14:07,325 [ERROR] ❌ Error in 20260304_212726: zstd failed (exit 1) for /home/tsumura/my_robotiq_ws/data/rubberbaseball_test_0303/20260304_212726/bag/session_20260304_212726/session_20260304_212726_0.db3.zstd: 04_212726_0.db3.zstd : 0 MB...     04_212726_0.db3.zstd : Read error (39) : premature end
2026-04-02 01:14:07,325 [INFO] [4/13] Processing: 20260304_212837
2026-04-02 01:14:07,352 [ERROR] ❌ Error in 20260304_212837: zstd failed (exit 1) for /home/tsumura/my_robotiq_ws/data/rubberbaseball_test_0303/20260304_212837/bag/session_20260304_212837/session_20260304_212837_0.db3.zstd: 04_212837_0.db3.zstd : 0 MB...     04_212837_0.db3.zstd : Read error (39) : premature end
2026-04-02 01:14:07,352 [INFO] [5/13] Processing: 20260304_213608
2026-04-02 01:14:07,378 [ERROR] ❌ Error in 20260304_213608: zstd failed (exit 1) for /home/tsumura/my_robotiq_ws/data/rubberbaseball_test_0303/20260304_213608/bag/session_20260304_213608/session_20260304_213608_0.db3.zstd: 04_213608_0.db3.zstd : 0 MB...     04_213608_0.db3.zstd : Read error (39) : premature end
2026-04-02 01:14:07,378 [INFO] [6/13] Processing: 20260304_214345
2026-04-02 01:14:07,402 [ERROR] ❌ Error in 20260304_214345: zstd failed (exit 1) for /home/tsumura/my_robotiq_ws/data/colorball_test_0303/20260304_214345/bag/session_20260304_214345/session_20260304_214345_0.db3.zstd: 04_214345_0.db3.zstd : 0 MB...     04_214345_0.db3.zstd : Read error (39) : premature end
2026-04-02 01:14:07,402 [INFO] [7/13] Processing: 20260304_214421
2026-04-02 01:14:07,429 [ERROR] ❌ Error in 20260304_214421: zstd failed (exit 1) for /home/tsumura/my_robotiq_ws/data/colorball_test_0303/20260304_214421/bag/session_20260304_214421/session_20260304_214421_0.db3.zstd: 04_214421_0.db3.zstd : 0 MB...     04_214421_0.db3.zstd : Read error (39) : premature end
2026-04-02 01:14:07,429 [INFO] [8/13] Processing: 20260304_215243
2026-04-02 01:14:07,456 [ERROR] ❌ Error in 20260304_215243: zstd failed (exit 1) for /home/tsumura/my_robotiq_ws/data/colorball_test_0303/20260304_215243/bag/session_20260304_215243/session_20260304_215243_0.db3.zstd: 04_215243_0.db3.zstd : 0 MB...     04_215243_0.db3.zstd : Read error (39) : premature end
2026-04-02 01:14:07,457 [INFO] [9/13] Processing: 20260304_220524
2026-04-02 01:14:07,485 [ERROR] ❌ Error in 20260304_220524: zstd failed (exit 1) for /home/tsumura/my_robotiq_ws/data/gacha_large_test_0303/20260304_220524/bag/session_20260304_220524/session_20260304_220524_0.db3.zstd: 04_220524_0.db3.zstd : 0 MB...     04_220524_0.db3.zstd : Read error (39) : premature end
2026-04-02 01:14:07,486 [INFO] [10/13] Processing: 20260304_220717
2026-04-02 01:14:07,514 [ERROR] ❌ Error in 20260304_220717: zstd failed (exit 1) for /home/tsumura/my_robotiq_ws/data/gacha_large_test_0303/20260304_220717/bag/session_20260304_220717/session_20260304_220717_0.db3.zstd: 04_220717_0.db3.zstd : 0 MB...     04_220717_0.db3.zstd : Read error (39) : premature end
2026-04-02 01:14:07,515 [INFO] [11/13] Processing: 20260304_220940
2026-04-02 01:14:07,549 [ERROR] ❌ Error in 20260304_220940: zstd failed (exit 1) for /home/tsumura/my_robotiq_ws/data/gacha_large_test_0303/20260304_220940/bag/session_20260304_220940/session_20260304_220940_0.db3.zstd: 04_220940_0.db3.zstd : 0 MB...     04_220940_0.db3.zstd : Read error (39) : premature end
2026-04-02 01:14:07,550 [INFO] [12/13] Processing: 20260304_223119
2026-04-02 01:14:07,580 [ERROR] ❌ Error in 20260304_223119: zstd failed (exit 1) for /home/tsumura/my_robotiq_ws/data/rubberbaseball_c_test_0303/20260304_223119/bag/session_20260304_223119/session_20260304_223119_0.db3.zstd: 04_223119_0.db3.zstd : 0 MB...     04_223119_0.db3.zstd : Read error (39) : premature end
2026-04-02 01:14:07,580 [INFO] [13/13] Processing: 20260304_225013
2026-04-02 01:14:07,614 [ERROR] ❌ Error in 20260304_225013: zstd failed (exit 1) for /home/tsumura/my_robotiq_ws/data/petbottle_test_0303/20260304_225013/bag/session_20260304_225013/session_20260304_225013_0.db3.zstd: 04_225013_0.db3.zstd : 0 MB...     04_225013_0.db3.zstd : Read error (39) : premature end
2026-04-02 01:14:07,615 [INFO] Summary: Success 0, Fail 13, Skip 588
