2026-04-02 00:04:53,942 [INFO] 🔍 Scanning directories under: /home/tsumura/my_robotiq_ws/data/colorball_test_0303
2026-04-02 00:04:53,949 [INFO] ⏩ Found 97 already processed folders. (They will be skipped)
2026-04-02 00:04:53,949 [INFO] 🚀 Starting process for 3 new sessions.
2026-04-02 00:04:53,950 [INFO] [1/3] Processing: 20260304_214345
2026-04-02 00:04:53,977 [ERROR] ❌ Error in 20260304_214345: zstd failed (exit 1) for /home/tsumura/my_robotiq_ws/data/colorball_test_0303/20260304_214345/bag/session_20260304_214345/session_20260304_214345_0.db3.zstd: 04_214345_0.db3.zstd : 0 MB...     04_214345_0.db3.zstd : Read error (39) : premature end
2026-04-02 00:04:53,977 [INFO] [2/3] Processing: 20260304_214421
2026-04-02 00:04:54,001 [ERROR] ❌ Error in 20260304_214421: zstd failed (exit 1) for /home/tsumura/my_robotiq_ws/data/colorball_test_0303/20260304_214421/bag/session_20260304_214421/session_20260304_214421_0.db3.zstd: 04_214421_0.db3.zstd : 0 MB...     04_214421_0.db3.zstd : Read error (39) : premature end
2026-04-02 00:04:54,001 [INFO] [3/3] Processing: 20260304_215243
2026-04-02 00:04:54,030 [ERROR] ❌ Error in 20260304_215243: zstd failed (exit 1) for /home/tsumura/my_robotiq_ws/data/colorball_test_0303/20260304_215243/bag/session_20260304_215243/session_20260304_215243_0.db3.zstd: 04_215243_0.db3.zstd : 0 MB...     04_215243_0.db3.zstd : Read error (39) : premature end

========================================
🎯 Process Completed!
📅 Started at: 20260402_000453
✅ Success: 0
⏩ Skipped: 97
❌ Failed:  3

Failed folders:
  - /home/tsumura/my_robotiq_ws/data/colorball_test_0303/20260304_214345/bag/session_20260304_214345
  - /home/tsumura/my_robotiq_ws/data/colorball_test_0303/20260304_214421/bag/session_20260304_214421
  - /home/tsumura/my_robotiq_ws/data/colorball_test_0303/20260304_215243/bag/session_20260304_215243
========================================
2026-04-02 00:04:54,031 [INFO] Log file saved to: /home/tsumura/my_robotiq_ws/src/ur3_robotiq_ros2/data_capture_tools/conversion_20260402_000453.log
